[    0.000000] Linux version 4.15.0-212-generic (buildd@lcy02-amd64-083) (gcc version 7.5.0 (Ubuntu 7.5.0-3ubuntu1~18.04)) #223-Ubuntu SMP Tue May 23 13:09:22 UTC 2023 (Ubuntu 4.15.0-212.223-generic 4.15.18)
[    0.000000] Command line: BOOT_IMAGE=/boot/vmlinuz-4.15.0-212-generic root=LABEL=cloudimg-rootfs ro console=tty1 console=ttyS0
[    0.000000] KERNEL supported cpus:
[    0.000000]   Intel GenuineIntel
[    0.000000]   AMD AuthenticAMD
[    0.000000]   Centaur CentaurHauls
[    0.000000] x86/fpu: Supporting XSAVE feature 0x001: 'x87 floating point registers'
[    0.000000] x86/fpu: Supporting XSAVE feature 0x002: 'SSE registers'
[    0.000000] x86/fpu: Supporting XSAVE feature 0x004: 'AVX registers'
[    0.000000] x86/fpu: xstate_offset[2]:  576, xstate_sizes[2]:  256
[    0.000000] x86/fpu: Enabled xstate features 0x7, context size is 832 bytes, using 'standard' format.
[    0.000000] e820: BIOS-provided physical RAM map:
[    0.000000] BIOS-e820: [mem 0x0000000000000000-0x000000000009fbff] usable
[    0.000000] BIOS-e820: [mem 0x000000000009fc00-0x000000000009ffff] reserved
[    0.000000] BIOS-e820: [mem 0x00000000000f0000-0x00000000000fffff] reserved
[    0.000000] BIOS-e820: [mem 0x0000000000100000-0x000000003ffeffff] usable
[    0.000000] BIOS-e820: [mem 0x000000003fff0000-0x000000003fffffff] ACPI data
[    0.000000] BIOS-e820: [mem 0x00000000fec00000-0x00000000fec00fff] reserved
[    0.000000] BIOS-e820: [mem 0x00000000fee00000-0x00000000fee00fff] reserved
[    0.000000] BIOS-e820: [mem 0x00000000fffc0000-0x00000000ffffffff] reserved
[    0.000000] NX (Execute Disable) protection: active
[    0.000000] SMBIOS 2.5 present.
[    0.000000] DMI: innotek GmbH VirtualBox/VirtualBox, BIOS VirtualBox 12/01/2006
[    0.000000] Hypervisor detected: KVM
[    0.000000] e820: last_pfn = 0x3fff0 max_arch_pfn = 0x400000000
[    0.000000] MTRR: Disabled
[    0.000000] x86/PAT: MTRRs disabled, skipping PAT initialization too.
[    0.000000] CPU MTRRs all blank - virtualized system.
[    0.000000] x86/PAT: Configuration [0-7]: WB  WT  UC- UC  WB  WT  UC- UC  
[    0.000000] found SMP MP-table at [mem 0x0009fff0-0x0009ffff]
[    0.000000] Scanning 1 areas for low memory corruption
[    0.000000] RAMDISK: [mem 0x359cb000-0x36cdcfff]
[    0.000000] ACPI: Early table checksum verification disabled
[    0.000000] ACPI: RSDP 0x00000000000E0000 000024 (v02 VBOX  )
[    0.000000] ACPI: XSDT 0x000000003FFF0030 00003C (v01 VBOX   VBOXXSDT 00000001 ASL  00000061)
[    0.000000] ACPI: FACP 0x000000003FFF00F0 0000F4 (v04 VBOX   VBOXFACP 00000001 ASL  00000061)
[    0.000000] ACPI: DSDT 0x000000003FFF0610 002353 (v02 VBOX   VBOXBIOS 00000002 INTL 20230628)
[    0.000000] ACPI: FACS 0x000000003FFF0200 000040
[    0.000000] ACPI: FACS 0x000000003FFF0200 000040
[    0.000000] ACPI: APIC 0x000000003FFF0240 00005C (v02 VBOX   VBOXAPIC 00000001 ASL  00000061)
[    0.000000] ACPI: SSDT 0x000000003FFF02A0 00036C (v01 VBOX   VBOXCPUT 00000002 INTL 20230628)
[    0.000000] ACPI: Reserving FACP table memory at [mem 0x3fff00f0-0x3fff01e3]
[    0.000000] ACPI: Reserving DSDT table memory at [mem 0x3fff0610-0x3fff2962]
[    0.000000] ACPI: Reserving FACS table memory at [mem 0x3fff0200-0x3fff023f]
[    0.000000] ACPI: Reserving FACS table memory at [mem 0x3fff0200-0x3fff023f]
[    0.000000] ACPI: Reserving APIC table memory at [mem 0x3fff0240-0x3fff029b]
[    0.000000] ACPI: Reserving SSDT table memory at [mem 0x3fff02a0-0x3fff060b]
[    0.000000] No NUMA configuration found
[    0.000000] Faking a node at [mem 0x0000000000000000-0x000000003ffeffff]
[    0.000000] NODE_DATA(0) allocated [mem 0x3ffc5000-0x3ffeffff]
[    0.000000] kvm-clock: cpu 0, msr 0:3ff44001, primary cpu clock
[    0.000000] kvm-clock: Using msrs 4b564d01 and 4b564d00
[    0.000000] kvm-clock: using sched offset of 3747344548 cycles
[    0.000000] clocksource: kvm-clock: mask: 0xffffffffffffffff max_cycles: 0x1cd42e4dffb, max_idle_ns: 881590591483 ns
[    0.000000] Zone ranges:
[    0.000000]   DMA      [mem 0x0000000000001000-0x0000000000ffffff]
[    0.000000]   DMA32    [mem 0x0000000001000000-0x000000003ffeffff]
[    0.000000]   Normal   empty
[    0.000000]   Device   empty
[    0.000000] Movable zone start for each node
[    0.000000] Early memory node ranges
[    0.000000]   node   0: [mem 0x0000000000001000-0x000000000009efff]
[    0.000000]   node   0: [mem 0x0000000000100000-0x000000003ffeffff]
[    0.000000] Reserved but unavailable: 104 pages
[    0.000000] Initmem setup node 0 [mem 0x0000000000001000-0x000000003ffeffff]
[    0.000000] ACPI: PM-Timer IO Port: 0x4008
[    0.000000] IOAPIC[0]: apic_id 2, version 32, address 0xfec00000, GSI 0-23
[    0.000000] ACPI: INT_SRC_OVR (bus 0 bus_irq 0 global_irq 2 dfl dfl)
[    0.000000] ACPI: INT_SRC_OVR (bus 0 bus_irq 9 global_irq 9 low level)
[    0.000000] Using ACPI (MADT) for SMP configuration information
[    0.000000] smpboot: Allowing 2 CPUs, 0 hotplug CPUs
[    0.000000] PM: Registered nosave memory: [mem 0x00000000-0x00000fff]
[    0.000000] PM: Registered nosave memory: [mem 0x0009f000-0x0009ffff]
[    0.000000] PM: Registered nosave memory: [mem 0x000a0000-0x000effff]
[    0.000000] PM: Registered nosave memory: [mem 0x000f0000-0x000fffff]
[    0.000000] e820: [mem 0x40000000-0xfebfffff] available for PCI devices
[    0.000000] Booting paravirtualized kernel on KVM
[    0.000000] clocksource: refined-jiffies: mask: 0xffffffff max_cycles: 0xffffffff, max_idle_ns: 7645519600211568 ns
[    0.000000] setup_percpu: NR_CPUS:8192 nr_cpumask_bits:2 nr_cpu_ids:2 nr_node_ids:1
[    0.000000] percpu: Embedded 50 pages/cpu s167936 r8192 d28672 u1048576
[    0.000000] PV qspinlock hash table entries: 256 (order: 0, 4096 bytes)
[    0.000000] Built 1 zonelists, mobility grouping on.  Total pages: 257913
[    0.000000] Policy zone: DMA32
[    0.000000] Kernel command line: BOOT_IMAGE=/boot/vmlinuz-4.15.0-212-generic root=LABEL=cloudimg-rootfs ro console=tty1 console=ttyS0
[    0.000000] Memory: 982648K/1048120K available (12300K kernel code, 2477K rwdata, 4324K rodata, 2480K init, 2720K bss, 65472K reserved, 0K cma-reserved)
[    0.000000] SLUB: HWalign=64, Order=0-3, MinObjects=0, CPUs=2, Nodes=1
[    0.000000] Kernel/User page tables isolation: enabled
[    0.000000] ftrace: allocating 39508 entries in 155 pages
[    0.004000] Hierarchical RCU implementation.
[    0.004000] 	RCU restricting CPUs from NR_CPUS=8192 to nr_cpu_ids=2.
[    0.004000] 	Tasks RCU enabled.
[    0.004000] RCU: Adjusting geometry for rcu_fanout_leaf=16, nr_cpu_ids=2
[    0.004000] NR_IRQS: 524544, nr_irqs: 440, preallocated irqs: 16
[    0.004000] random: crng init done
[    0.004000] Console: colour VGA+ 80x25
[    0.004000] console [tty1] enabled
[    0.004000] console [ttyS0] enabled
[    0.004000] ACPI: Core revision 20170831
[    0.004000] ACPI: 2 ACPI AML tables successfully acquired and loaded
[    0.004000] APIC: Switch to symmetric I/O mode setup
[    0.004000] x2apic enabled
[    0.004000] Switched APIC routing to physical x2apic.
[    0.004000] ..TIMER: vector=0x30 apic1=0 pin1=2 apic2=-1 pin2=-1
[    0.004000] tsc: Detected 1497.600 MHz processor
[    0.004000] Calibrating delay loop (skipped) preset value.. 2995.20 BogoMIPS (lpj=5990400)
[    0.004000] pid_max: default: 32768 minimum: 301
[    0.004000] Security Framework initialized
[    0.004000] Yama: becoming mindful.
[    0.004000] AppArmor: AppArmor initialized
[    0.004000] Dentry cache hash table entries: 131072 (order: 8, 1048576 bytes)
[    0.004000] Inode-cache hash table entries: 65536 (order: 7, 524288 bytes)
[    0.004000] Mount-cache hash table entries: 2048 (order: 2, 16384 bytes)
[    0.004000] Mountpoint-cache hash table entries: 2048 (order: 2, 16384 bytes)
[    0.004000] Last level iTLB entries: 4KB 0, 2MB 0, 4MB 0
[    0.004000] Last level dTLB entries: 4KB 0, 2MB 0, 4MB 0, 1GB 0
[    0.004000] Spectre V1 : Mitigation: usercopy/swapgs barriers and __user pointer sanitization
[    0.004000] Spectre V2 : Mitigation: Retpolines
[    0.004000] Spectre V2 : Spectre v2 / SpectreRSB mitigation: Filling RSB on context switch
[    0.004000] Spectre V2 : Spectre v2 / SpectreRSB : Filling RSB on VMEXIT
[    0.004000] RETBleed: WARNING: Spectre v2 mitigation leaves CPU vulnerable to RETBleed attacks, data leaks possible!
[    0.004000] RETBleed: Vulnerable
[    0.004000] Speculative Store Bypass: Vulnerable
[    0.004000] MDS: Mitigation: Clear CPU buffers
[    0.004000] MMIO Stale Data: Mitigation: Clear CPU buffers
[    0.004000] SRBDS: Unknown: Dependent on hypervisor status
[    0.004000] Freeing SMP alternatives memory: 36K
[    0.121632] APIC calibration not consistent with PM-Timer: 105ms instead of 100ms
[    0.123222] APIC delta adjusted to PM-Timer: 6486392 (6853827)
[    0.124056] smpboot: CPU0: Intel(R) Core(TM) i7-1065G7 CPU @ 1.30GHz (family: 0x6, model: 0x7e, stepping: 0x5)
[    0.125636] Performance Events: unsupported p6 CPU model 126 no PMU driver, software events only.
[    0.127028] Hierarchical SRCU implementation.
[    0.128000] NMI watchdog: Perf event create on CPU 0 failed with -2
[    0.128001] NMI watchdog: Perf NMI watchdog permanently disabled
[    0.128923] smp: Bringing up secondary CPUs ...
[    0.129723] x86: Booting SMP configuration:
[    0.130451] .... node  #0, CPUs:      #1
[    0.004000] kvm-clock: cpu 1, msr 0:3ff44041, secondary cpu clock
[    0.134824] smp: Brought up 1 node, 2 CPUs
[    0.134824] smpboot: Max logical packages: 1
[    0.136016] smpboot: Total of 2 processors activated (5990.40 BogoMIPS)
[    0.137077] devtmpfs: initialized
[    0.137077] x86/mm: Memory block size: 128MB
[    0.137270] evm: security.selinux
[    0.137765] evm: security.SMACK64
[    0.138259] evm: security.SMACK64EXEC
[    0.138796] evm: security.SMACK64TRANSMUTE
[    0.140003] evm: security.SMACK64MMAP
[    0.140538] evm: security.apparmor
[    0.141037] evm: security.ima
[    0.141522] evm: security.capability
[    0.142081] clocksource: jiffies: mask: 0xffffffff max_cycles: 0xffffffff, max_idle_ns: 7645041785100000 ns
[    0.144007] futex hash table entries: 512 (order: 3, 32768 bytes)
[    0.144868] pinctrl core: initialized pinctrl subsystem
[    0.145870] RTC time: 20:54:42, date: 07/28/25
[    0.146609] NET: Registered protocol family 16
[    0.147300] audit: initializing netlink subsys (disabled)
[    0.148017] audit: type=2000 audit(1753736086.886:1): state=initialized audit_enabled=0 res=1
[    0.149408] cpuidle: using governor ladder
[    0.149408] cpuidle: using governor menu
[    0.149408] ACPI: bus type PCI registered
[    0.149860] acpiphp: ACPI Hot Plug PCI Controller Driver version: 0.5
[    0.152069] PCI: Using configuration type 1 for base access
[    0.152871] HugeTLB registered 2.00 MiB page size, pre-allocated 0 pages
[    0.152962] ACPI: Added _OSI(Module Device)
[    0.156003] ACPI: Added _OSI(Processor Device)
[    0.156627] ACPI: Added _OSI(3.0 _SCP Extensions)
[    0.157309] ACPI: Added _OSI(Processor Aggregator Device)
[    0.158057] ACPI: Added _OSI(Linux-Dell-Video)
[    0.158682] ACPI: Added _OSI(Linux-Lenovo-NV-HDMI-Audio)
[    0.159439] ACPI: Added _OSI(Linux-HPI-Hybrid-Graphics)
[    0.160205] ACPI: Executed 1 blocks of module-level executable AML code
[    0.163477] ACPI: Interpreter enabled
[    0.164000] ACPI: (supports S0 S5)
[    0.164002] ACPI: Using IOAPIC for interrupt routing
[    0.164888] PCI: Using host bridge windows from ACPI; if necessary, use "pci=nocrs" and report a bug
[    0.166281] ACPI: Enabled 2 GPEs in block 00 to 07
[    0.171391] ACPI: PCI Root Bridge [PCI0] (domain 0000 [bus 00-ff])
[    0.172005] acpi PNP0A03:00: _OSC: OS supports [ASPM ClockPM Segments MSI]
[    0.173288] acpi PNP0A03:00: _OSC: not requesting OS control; OS requires [ExtendedConfig ASPM ClockPM MSI]
[    0.175075] acpi PNP0A03:00: fail to add MMCONFIG information, can't access extended PCI configuration space under this bridge.
[    0.176253] PCI host bridge to bus 0000:00
[    0.176913] pci_bus 0000:00: root bus resource [io  0x0000-0x0cf7 window]
[    0.177844] pci_bus 0000:00: root bus resource [io  0x0d00-0xffff window]
[    0.178802] pci_bus 0000:00: root bus resource [mem 0x000a0000-0x000bffff window]
[    0.180002] pci_bus 0000:00: root bus resource [mem 0x40000000-0xfdffffff window]
[    0.181088] pci_bus 0000:00: root bus resource [bus 00-ff]
[    0.183098] pci 0000:00:01.1: legacy IDE quirk: reg 0x10: [io  0x01f0-0x01f7]
[    0.184002] pci 0000:00:01.1: legacy IDE quirk: reg 0x14: [io  0x03f6]
[    0.184901] pci 0000:00:01.1: legacy IDE quirk: reg 0x18: [io  0x0170-0x0177]
[    0.185894] pci 0000:00:01.1: legacy IDE quirk: reg 0x1c: [io  0x0376]
[    0.194901] pci 0000:00:07.0: quirk: [io  0x4000-0x403f] claimed by PIIX4 ACPI
[    0.196000] pci 0000:00:07.0: quirk: [io  0x4100-0x410f] claimed by PIIX4 SMB
[    0.199171] ACPI: PCI Interrupt Link [LNKA] (IRQs 5 9 10 *11)
[    0.200227] ACPI: PCI Interrupt Link [LNKB] (IRQs 5 9 *10 11)
[    0.201159] ACPI: PCI Interrupt Link [LNKC] (IRQs 5 *9 10 11)
[    0.202002] ACPI: PCI Interrupt Link [LNKD] (IRQs 5 9 10 *11)
[    0.203126] SCSI subsystem initialized
[    0.204030] pci 0000:00:02.0: vgaarb: setting as boot VGA device
[    0.204818] pci 0000:00:02.0: vgaarb: VGA device added: decodes=io+mem,owns=io+mem,locks=none
[    0.205918] pci 0000:00:02.0: vgaarb: bridge control possible
[    0.206691] vgaarb: loaded
[    0.207090] ACPI: bus type USB registered
[    0.207664] usbcore: registered new interface driver usbfs
[    0.208012] usbcore: registered new interface driver hub
[    0.208734] usbcore: registered new device driver usb
[    0.209477] EDAC MC: Ver: 3.0.0
[    0.209477] PCI: Using ACPI for IRQ routing
[    0.209477] NetLabel: Initializing
[    0.209477] NetLabel:  domain hash size = 128
[    0.212002] NetLabel:  protocols = UNLABELED CIPSOv4 CALIPSO
[    0.212738] NetLabel:  unlabeled traffic allowed by default
[    0.213501] clocksource: Switched to clocksource kvm-clock
[    0.220457] VFS: Disk quotas dquot_6.6.0
[    0.221073] VFS: Dquot-cache hash table entries: 512 (order 0, 4096 bytes)
[    0.222031] AppArmor: AppArmor Filesystem Enabled
[    0.222683] pnp: PnP ACPI init
[    0.223813] pnp: PnP ACPI: found 3 devices
[    0.230898] clocksource: acpi_pm: mask: 0xffffff max_cycles: 0xffffff, max_idle_ns: 2085701024 ns
[    0.232220] NET: Registered protocol family 2
[    0.232867] IP idents hash table entries: 16384 (order: 5, 131072 bytes)
[    0.234182] TCP established hash table entries: 8192 (order: 4, 65536 bytes)
[    0.235190] TCP bind hash table entries: 8192 (order: 5, 131072 bytes)
[    0.236041] TCP: Hash tables configured (established 8192 bind 8192)
[    0.236896] UDP hash table entries: 512 (order: 2, 16384 bytes)
[    0.237663] UDP-Lite hash table entries: 512 (order: 2, 16384 bytes)
[    0.238478] NET: Registered protocol family 1
[    0.239083] pci 0000:00:00.0: Limiting direct PCI/PCI transfers
[    0.239849] pci 0000:00:01.0: Activating ISA DMA hang workarounds
[    0.240678] pci 0000:00:02.0: Video device with shadowed ROM at [mem 0x000c0000-0x000dffff]
[    0.240875] Unpacking initramfs...
[    0.240875] Freeing initrd memory: 19528K
[    0.240875] clocksource: tsc: mask: 0xffffffffffffffff max_cycles: 0x159647815e3, max_idle_ns: 440795269835 ns
[    0.240875] platform rtc_cmos: registered platform RTC device (no PNP device found)
[    0.240875] Scanning for low memory corruption every 60 seconds
[    0.471332] Initialise system trusted keyrings
[    0.471942] Key type blacklist registered
[    0.472539] workingset: timestamp_bits=36 max_order=18 bucket_order=0
[    0.474176] zbud: loaded
[    0.475094] squashfs: version 4.0 (2009/01/31) Phillip Lougher
[    0.476193] fuse init (API version 7.26)
[    0.477819] Key type asymmetric registered
[    0.478506] Asymmetric key parser 'x509' registered
[    0.479341] Block layer SCSI generic (bsg) driver version 0.4 loaded (major 246)
[    0.480690] io scheduler noop registered
[    0.481335] io scheduler deadline registered
[    0.482030] io scheduler cfq registered (default)
[    0.483004] ACPI: AC Adapter [AC] (on-line)
[    0.483750] input: Power Button as /devices/LNXSYSTM:00/LNXPWRBN:00/input/input0
[    0.485008] ACPI: Power Button [PWRF]
[    0.485654] input: Sleep Button as /devices/LNXSYSTM:00/LNXSLPBN:00/input/input1
[    0.486873] ACPI: Sleep Button [SLPF]
[    0.488370] ACPI: Battery Slot [BAT0] (battery present)
[    0.488636] Serial: 8250/16550 driver, 32 ports, IRQ sharing enabled
[    0.510620] 00:02: ttyS0 at I/O 0x3f8 (irq = 4, base_baud = 115200) is a 16550A
[    0.512950] Linux agpgart interface v0.103
[    0.514662] loop: module loaded
[    0.515731] scsi host0: ata_piix
[    0.516605] scsi host1: ata_piix
[    0.517079] ata1: PATA max UDMA/33 cmd 0x1f0 ctl 0x3f6 bmdma 0xd000 irq 14
[    0.517998] ata2: PATA max UDMA/33 cmd 0x170 ctl 0x376 bmdma 0xd008 irq 15
[    0.519189] tun: Universal TUN/TAP device driver, 1.6
[    0.520095] PPP generic driver version 2.4.2
[    0.520720] ehci_hcd: USB 2.0 'Enhanced' Host Controller (EHCI) Driver
[    0.521546] ehci-pci: EHCI PCI platform driver
[    0.522323] ehci-platform: EHCI generic platform driver
[    0.523211] ohci_hcd: USB 1.1 'Open' Host Controller (OHCI) Driver
[    0.524055] ohci-pci: OHCI PCI platform driver
[    0.524799] ohci-platform: OHCI generic platform driver
[    0.525631] uhci_hcd: USB Universal Host Controller Interface driver
[    0.526649] i8042: PNP: PS/2 Controller [PNP0303:PS2K,PNP0f03:PS2M] at 0x60,0x64 irq 1,12
[    0.528424] serio: i8042 KBD port at 0x60,0x64 irq 1
[    0.529246] serio: i8042 AUX port at 0x60,0x64 irq 12
[    0.530089] mousedev: PS/2 mouse device common for all mice
[    0.531191] input: AT Translated Set 2 keyboard as /devices/platform/i8042/serio0/input/input2
[    0.532853] rtc_cmos rtc_cmos: rtc core: registered rtc_cmos as rtc0
[    0.533702] rtc_cmos rtc_cmos: alarms up to one day, 114 bytes nvram
[    0.534541] i2c /dev entries driver
[    0.535036] device-mapper: uevent: version 1.0.3
[    0.535684] device-mapper: ioctl: 4.37.0-ioctl (2017-09-20) initialised: dm-devel@redhat.com
[    0.536740] ledtrig-cpu: registered to indicate activity on CPUs
[    0.537693] NET: Registered protocol family 10
[    0.540791] Segment Routing with IPv6
[    0.541266] NET: Registered protocol family 17
[    0.541877] Key type dns_resolver registered
[    0.542526] mce: Using 0 MCE banks
[    0.542971] RAS: Correctable Errors collector initialized.
[    0.543662] sched_clock: Marking stable (542507089, 0)->(668520883, -126013794)
[    0.544828] registered taskstats version 1
[    0.545342] Loading compiled-in X.509 certificates
[    0.547548] Loaded X.509 cert 'Build time autogenerated kernel key: b5b26778eaa3ab3a4a6cee031137706e947d12ad'
[    0.549241] Loaded X.509 cert 'Canonical Ltd. Live Patch Signing: 14df34d1a87cf37625abec039ef2bf521249b969'
[    0.550880] Loaded X.509 cert 'Canonical Ltd. Kernel Module Signing: 88f752e560a1e0737e31163a466ad7b70a850c19'
[    0.552095] blacklist: Loading compiled-in revocation X.509 certificates
[    0.552976] Loaded X.509 cert 'Canonical Ltd. Secure Boot Signing: 61482aa2830d0ab2ad5af10b7250da9033ddcef0'
[    0.554137] Loaded X.509 cert 'Canonical Ltd. Secure Boot Signing (2017): 242ade75ac4a15e50d50c84b0d45ff3eae707a03'
[    0.555366] Loaded X.509 cert 'Canonical Ltd. Secure Boot Signing (ESM 2018): 365188c1d374d6b07c3c8f240f8ef722433d6a8b'
[    0.556717] Loaded X.509 cert 'Canonical Ltd. Secure Boot Signing (2019): c0746fd6c5da3ae827864651ad66ae47fe24b3e8'
[    0.557974] Loaded X.509 cert 'Canonical Ltd. Secure Boot Signing (2021 v1): a8d54bbb3825cfb94fa13c9f8a594a195c107b8d'
[    0.559238] Loaded X.509 cert 'Canonical Ltd. Secure Boot Signing (2021 v2): 4cf046892d6fd3c9a5b03f98d845f90851dc6a8c'
[    0.560576] Loaded X.509 cert 'Canonical Ltd. Secure Boot Signing (2021 v3): 100437bb6de6e469b581e61cd66bce3ef4ed53af'
[    0.561848] Loaded X.509 cert 'Canonical Ltd. Secure Boot Signing (Ubuntu Core 2019): c1d57b8f6b743f23ee41f4f7ee292f06eecadfb9'
[    0.563234] zswap: loaded using pool lzo/zbud
[    0.566512] Key type big_key registered
[    0.567030] Key type trusted registered
[    0.568757] Key type encrypted registered
[    0.569291] AppArmor: AppArmor sha1 policy hashing enabled
[    0.569982] ima: No TPM chip found, activating TPM-bypass! (rc=-19)
[    0.570885] ima: Allocated hash algorithm: sha1
[    0.571468] evm: HMAC attrs: 0x1
[    0.572043]   Magic number: 1:126:954
[    0.572598] memory memory7: hash matches
[    0.573216] rtc_cmos rtc_cmos: setting system clock to 2025-07-28 20:54:42 UTC (1753736082)
[    0.574451] BIOS EDD facility v0.16 2004-Jun-25, 0 devices found
[    0.575237] EDD information not available.
[    0.705875] Freeing unused kernel image memory: 2480K
[    0.892384] Write protecting the kernel read-only data: 20480k
[    0.895376] Freeing unused kernel image memory: 2008K
[    0.897720] Freeing unused kernel image memory: 1820K
[    0.902490] x86/mm: Checked W+X mappings: passed, no W+X pages found.
[    0.903466] x86/mm: Checking user space page tables
[    0.908127] x86/mm: Checked W+X mappings: passed, no W+X pages found.
Loading, please wait...
starting version 237
[    0.954463] e1000: Intel(R) PRO/1000 Network Driver - version 7.3.21-k8-NAPI
[    0.955571] e1000: Copyright (c) 1999-2006 Intel Corporation.
[    0.958509] Fusion MPT base driver 3.04.20
[    0.959057] Copyright (c) 1999-2008 LSI Corporation
[    0.962858] Fusion MPT SPI Host driver 3.04.20
[    0.973939] AVX2 version of gcm_enc/dec engaged.
[    0.974863] AES CTR mode by8 optimization enabled
[    1.179772] input: ImExPS/2 Generic Explorer Mouse as /devices/platform/i8042/serio1/input/input4
[    1.314909] e1000 0000:00:03.0 eth0: (PCI:33MHz:32-bit) 02:3b:7b:b7:3b:2d
[    1.315930] e1000 0000:00:03.0 eth0: Intel(R) PRO/1000 Network Connection
[    1.317734] mptbase: ioc0: Initiating bringup
[    1.318785] e1000 0000:00:03.0 enp0s3: renamed from eth0
[    3.245065] ioc0: LSI53C1030 A0: Capabilities={Initiator}
[    7.762850] scsi host2: ioc0: LSI53C1030 A0, FwRev=00000000h, Ports=1, MaxQ=256, IRQ=20
[    9.746757] scsi 2:0:0:0: Direct-Access     VBOX     HARDDISK         1.0  PQ: 0 ANSI: 5
[   10.022506] scsi target2:0:0: Beginning Domain Validation
[   10.027252] scsi target2:0:0: Domain Validation skipping write tests
[   10.029486] scsi target2:0:0: Ending Domain Validation
[   10.031494] scsi target2:0:0: asynchronous
[   10.033423] scsi 2:0:1:0: Direct-Access     VBOX     HARDDISK         1.0  PQ: 0 ANSI: 5
[   11.132449] scsi target2:0:1: Beginning Domain Validation
[   11.136415] scsi target2:0:1: Domain Validation skipping write tests
[   11.137710] scsi target2:0:1: Ending Domain Validation
[   11.138410] scsi target2:0:1: asynchronous
[   11.141112] sd 2:0:0:0: Attached scsi generic sg0 type 0
[   11.142103] sd 2:0:0:0: [sda] 83886080 512-byte logical blocks: (42.9 GB/40.0 GiB)
[   11.142123] sd 2:0:1:0: Attached scsi generic sg1 type 0
[   11.144059] sd 2:0:0:0: [sda] Write Protect is off
[   11.144829] sd 2:0:1:0: [sdb] 20480 512-byte logical blocks: (10.5 MB/10.0 MiB)
[   11.145958] sd 2:0:1:0: [sdb] Write Protect is off
[   11.146677] sd 2:0:0:0: [sda] Incomplete mode parameter data
[   11.147419] sd 2:0:0:0: [sda] Assuming drive cache: write through
[   11.148400] sd 2:0:1:0: [sdb] Incomplete mode parameter data
[   11.149154] sd 2:0:1:0: [sdb] Assuming drive cache: write through
[   11.151571]  sda: sda1
[   11.152488] sd 2:0:0:0: [sda] Attached SCSI disk
[   11.180790] sd 2:0:1:0: [sdb] Attached SCSI disk
Begin: Loading essential drivers ... [   12.644147] raid6: sse2x1   gen() 15492 MB/s
[   12.692875] raid6: sse2x1   xor()  9281 MB/s
[   12.740597] raid6: sse2x2   gen() 19002 MB/s
[   12.788192] raid6: sse2x2   xor() 12302 MB/s
[   12.836882] raid6: sse2x4   gen() 19907 MB/s
[   12.888160] raid6: sse2x4   xor() 13649 MB/s
[   12.937872] raid6: avx2x1   gen() 27415 MB/s
[   12.992499] raid6: avx2x1   xor() 20488 MB/s
[   13.045148] raid6: avx2x2   gen() 39735 MB/s
[   13.092359] raid6: avx2x2   xor() 23671 MB/s
[   13.146564] raid6: avx2x4   gen() 41723 MB/s
[   13.192335] raid6: avx2x4   xor() 22533 MB/s
[   13.193022] raid6: using algorithm avx2x4 gen() 41723 MB/s
[   13.193715] raid6: .... xor() 22533 MB/s, rmw enabled
[   13.194343] raid6: using avx2x2 recovery algorithm
[   13.195982] xor: automatically using best checksumming function   avx       
[   13.197863] async_tx: api initialized (async)
done.
Begin: Running /scripts/init-premount ... done.
Begin: Mounting root file system ... Begin: Running /scripts/local-top ... done.
Begin: Running /scripts/local-premount ... [   13.235805] Btrfs loaded, crc32c=crc32c-intel
Scanning for Btrfs filesystems
done.
Warning: fsck not present, so skipping root file system
[   13.379173] EXT4-fs (sda1): mounted filesystem with ordered data mode. Opts: (null)
done.
Begin: Running /scripts/local-bottom ... done.
Begin: Running /scripts/init-bottom ... done.
[   14.533128] ip_tables: (C) 2000-2006 Netfilter Core Team
[   14.597633] systemd[1]: systemd 237 running in system mode. (+PAM +AUDIT +SELINUX +IMA +APPARMOR +SMACK +SYSVINIT +UTMP +LIBCRYPTSETUP +GCRYPT +GNUTLS +ACL +XZ +LZ4 +SECCOMP +BLKID +ELFUTILS +KMOD -IDN2 +IDN -PCRE2 default-hierarchy=hybrid)
[   14.600983] systemd[1]: Detected virtualization oracle.
[   14.601852] systemd[1]: Detected architecture x86-64.

Welcome to [1mUbuntu 18.04.6 LTS[0m!

[   14.625762] systemd[1]: Set hostname to <ecommerce-vm>.
[   16.083071] systemd[1]: Reached target User and Group Name Lookups.
[[0;32m  OK  [0m] Reached target User and Group Name Lookups.
[   16.084749] systemd[1]: Reached target Swap.
[[0;32m  OK  [0m] Reached target Swap.
[   16.085855] systemd[1]: Reached target System Time Synchronized.
[[0;32m  OK  [0m] Reached target System Time Synchronized.
[   16.087293] systemd[1]: Started Forward Password Requests to Wall Directory Watch.
[[0;32m  OK  [0m] Started Forward Password Requests to Wall Directory Watch.
[   16.090083] systemd[1]: Created slice User and Session Slice.
[[0;32m  OK  [0m] Created slice User and Session Slice.
[   16.091950] systemd[1]: Created slice System Slice.
[[0;32m  OK  [0m] Created slice System Slice.
[[0;32m  OK  [0m] Listening on /dev/initctl Compatibility Named Pipe.
[[0;32m  OK  [0m] Listening on Device-mapper event daemon FIFOs.
[[0;32m  OK  [0m] Listening on LVM2 poll daemon socket.
[[0;32m  OK  [0m] Listening on Journal Socket.
[[0;32m  OK  [0m] Reached target Slices.
[[0;32m  OK  [0m] Listening on Journal Audit Socket.
         Starting Create list of required stâ€¦ce nodes for the current kernel...
[[0;32m  OK  [0m] Listening on Journal Socket (/dev/log).
[[0;32m  OK  [0m] Created slice system-serial\x2dgetty.slice.
         Starting Uncomplicated firewall...
         Mounting POSIX Message Queue File System...
[[0;32m  OK  [0m] Listening on udev Kernel Socket.
         Mounting Huge Pages File System...
         Starting Load Kernel Modules...
         Starting Set the console keyboard layout...
[[0;32m  OK  [0m] Listening on LVM2 metadata daemon socket.
         Starting Monitoring of LVM2 mirrorsâ€¦ng dmeventd or progress polling...
[[0;32m  OK  [0m] Listening on fsck to fsckd communication Socket.
[[0;32m  OK  [0m] Listening on udev Control Socket.
         Starting udev Coldplug all Devices...
[[0;32m  OK  [0m] Listening on Network Service Netlink Socket.
         Mounting Kernel Debug File System...
[[0;32m  OK  [0m] Set up automount Arbitrary Executabâ€¦rmats File System Automount Point.
[[0;32m  OK  [0m] Reached target Mounting snaps.
[[0;32m  OK  [0m] Reached target Mounted snaps.
[[0;32m  OK  [0m] Listening on Syslog Socket.
         Starting Journal Service...
         Starting File System Check on Root Device...
[[0;32m  OK  [0m] Started Create list of required staâ€¦vice nodes for the current kernel.
[[0;32m  OK  [0m] Started Uncomplicated firewall.
[[0;32m  OK  [0m] Mounted POSIX Message Queue File System.
[   16.496854] Loading iSCSI transport class v2.0-870.
[[0;32m  OK  [0m] Mounted Huge Pages File System.
[[0;32m  OK  [0m] Mounted Kernel Debug File System.
         Starting Create Static Device Nodes in /dev...
[[0;32m  OK  [0m] Started udev Coldplug all Devices.
[[0;32m  OK  [0m] Started LVM2 metadata daemon.
[[0;32m  OK  [0m] Started File System Check Daemon to report status.
[[0;32m  OK  [0m] Started Journal Service.
[   16.667600] iscsi: registered transport (tcp)
[[0;32m  OK  [0m] Started Set the console keyboard layout.
[[0;32m  OK  [0m] Started File System Check on Root Device.
         Starting Remount Root and Kernel File Systems...
[[0;32m  OK  [0m] Started Create Static Device Nodes in /dev.
[   16.999918] iscsi: registered transport (iser)
[[0;32m  OK  [0m] Started Load Kernel Modules.
         Mounting Kernel Configuration File System...
         Mounting FUSE Control File System...
         Starting Apply Kernel Variables...
[[0;32m  OK  [0m] Mounted Kernel Configuration File System.
[[0;32m  OK  [0m] Mounted FUSE Control File System.
[[0;32m  OK  [0m] Started Remount Root and Kernel File Systems.
         Starting Load/Save Random Seed...
         Starting udev Kernel Device Manager...
         Starting Flush Journal to Persistent Storage...
[[0;32m  OK  [0m] Started Monitoring of LVM2 mirrors,â€¦sing dmeventd or progress polling.
[[0;32m  OK  [0m] Started Apply Kernel Variables.
[[0;32m  OK  [0m] Reached target Local File Systems (Pre).
[[0;32m  OK  [0m] Reached target Local File Systems.
         Starting AppArmor initialization...
         Starting Tell Plymouth To Write Out Runtime Data...
         Starting Set console font and keymap...
         Starting ebtables ruleset management...
[[0;32m  OK  [0m] Started Load/Save Random Seed.
[[0;32m  OK  [0m] Started udev Kernel Device Manager.
[[0;32m  OK  [0m] Started Dispatch Password Requests to Console Directory Watch.
[[0;32m  OK  [0m] Reached target Local Encrypted Volumes.
[[0;32m  OK  [0m] Started Tell Plymouth To Write Out Runtime Data.
[[0;32m  OK  [0m] Started Set console font and keymap.
[[0;32m  OK  [0m] Found device /dev/ttyS0.
[[0;32m  OK  [0m] Started ebtables ruleset management.
[[0;32m  OK  [0m] Listening on Load/Save RF Kill Switch Status /dev/rfkill Watch.
[[0;32m  OK  [0m] Started Flush Journal to Persistent Storage.
         Starting Create Volatile Files and Directories...
[[0;32m  OK  [0m] Started Create Volatile Files and Directories.
         Starting Update UTMP about System Boot/Shutdown...
[[0;32m  OK  [0m] Started Update UTMP about System Boot/Shutdown.
[[0;32m  OK  [0m] Started AppArmor initialization.
         Starting Initial cloud-init job (pre-networking)...
         Starting Load AppArmor profiles managed internally by snapd...
         Mounting Arbitrary Executable File Formats File System...
[[0;32m  OK  [0m] Mounted Arbitrary Executable File Formats File System.
[[0;32m  OK  [0m] Started Load AppArmor profiles managed internally by snapd.
[   24.429067] cloud-init[557]: Cloud-init v. 23.1.2-0ubuntu0~18.04.1 running 'init-local' at Mon, 28 Jul 2025 20:55:05 +0000. Up 23.30 seconds.
[[0;32m  OK  [0m] Started Initial cloud-init job (pre-networking).
[[0;32m  OK  [0m] Reached target Network (Pre).
         Starting Network Service...
[[0;32m  OK  [0m] Started Network Service.
         Starting Network Name Resolution...
         Starting Wait for Network to be Configured...
[[0;32m  OK  [0m] Started Network Name Resolution.
[[0;32m  OK  [0m] Reached target Host and Network Name Lookups.
[[0;32m  OK  [0m] Reached target Network.
[[0;32m  OK  [0m] Started Wait for Network to be Configured.
         Starting Initial cloud-init job (metadata service crawler)...
[   26.687810] cloud-init[673]: Cloud-init v. 23.1.2-0ubuntu0~18.04.1 running 'init' at Mon, 28 Jul 2025 20:55:08 +0000. Up 26.58 seconds.
[   26.689104] cloud-init[673]: ci-info: ++++++++++++++++++++++++++++++++++++++Net device info++++++++++++++++++++++++++++++++++++++
[   26.690302] cloud-init[673]: ci-info: +--------+------+----------------------------+---------------+--------+-------------------+
[   26.691450] cloud-init[673]: ci-info: | Device |  Up  |          Address           |      Mask     | Scope  |     Hw-Address    |
[   26.692598] cloud-init[673]: ci-info: +--------+------+----------------------------+---------------+--------+-------------------+
[   26.693722] cloud-init[673]: ci-info: | enp0s3 | True |         10.0.2.15          | 255.255.255.0 | global | 02:3b:7b:b7:3b:2d |
[   26.694839] cloud-init[673]: ci-info: | enp0s3 | True | fe80::3b:7bff:feb7:3b2d/64 |       .       |  link  | 02:3b:7b:b7:3b:2d |
[   26.695950] cloud-init[673]: ci-info: |   lo   | True |         127.0.0.1          |   255.0.0.0   |  host  |         .         |
[   26.697023] cloud-init[673]: ci-info: |   lo   | True |          ::1/128           |       .       |  host  |         .         |
[   26.698187] cloud-init[673]: ci-info: +--------+------+----------------------------+---------------+--------+-------------------+
[   26.699277] cloud-init[673]: ci-info: ++++++++++++++++++++++++++++Route IPv4 info+++++++++++++++++++++++++++++
[   26.708349] cloud-init[673]: ci-info: +-------+-------------+----------+-----------------+-----------+-------+
[   26.709291] cloud-init[673]: ci-info: | Route | Destination | Gateway  |     Genmask     | Interface | Flags |
[   26.710244] cloud-init[673]: ci-info: +-------+-------------+----------+-----------------+-----------+-------+
[   26.711236] cloud-init[673]: ci-info: |   0   |   0.0.0.0   | 10.0.2.2 |     0.0.0.0     |   enp0s3  |   UG  |
[   26.712202] cloud-init[673]: ci-info: |   1   |   10.0.2.0  | 0.0.0.0  |  255.255.255.0  |   enp0s3  |   U   |
[   26.712945] cloud-init[673]: ci-info: |   2   |   10.0.2.2  | 0.0.0.0  | 255.255.255.255 |   enp0s3  |   UH  |
[   26.713834] cloud-init[673]: ci-info: +-------+-------------+----------+-----------------+-----------+-------+
[   26.714803] cloud-init[673]: ci-info: +++++++++++++++++++Route IPv6 info+++++++++++++++++++
[   26.715482] cloud-init[673]: ci-info: +-------+-------------+---------+-----------+-------+
[   26.716075] cloud-init[673]: ci-info: | Route | Destination | Gateway | Interface | Flags |
[   26.728335] cloud-init[673]: ci-info: +-------+-------------+---------+-----------+-------+
[   26.728998] cloud-init[673]: ci-info: |   1   |  fe80::/64  |    ::   |   enp0s3  |   U   |
[   26.729839] cloud-init[673]: ci-info: |   3   |    local    |    ::   |   enp0s3  |   U   |
[   26.730567] cloud-init[673]: ci-info: |   4   |   ff00::/8  |    ::   |   enp0s3  |   U   |
[   26.731381] cloud-init[673]: ci-info: +-------+-------------+---------+-----------+-------+
[[0;32m  OK  [0m] Started Initial cloud-init job (metadata service crawler).
[[0;32m  OK  [0m] Reached target System Initialization.
[[0;32m  OK  [0m] Started Daily apt download activities.
[[0;32m  OK  [0m] Listening on Open-iSCSI iscsid Socket.
[[0;32m  OK  [0m] Started Discard unused blocks once a week.
         Starting Docker Socket for the API.
         Starting LXD - unix socket.
[[0;32m  OK  [0m] Started Message of the Day.
[[0;32m  OK  [0m] Listening on cloud-init hotplug hook socket.
         Starting Socket activation for snappy daemon.
[[0;32m  OK  [0m] Started Daily apt upgrade and clean activities.
[[0;32m  OK  [0m] Listening on UUID daemon activation socket.
[[0;32m  OK  [0m] Started Ubuntu Advantage Timer for running repeated jobs.
[[0;32m  OK  [0m] Started ACPI Events Check.
[[0;32m  OK  [0m] Reached target Paths.
[[0;32m  OK  [0m] Listening on ACPID Listen Socket.
[[0;32m  OK  [0m] Started Daily Cleanup of Temporary Directories.
[[0;32m  OK  [0m] Reached target Timers.
[[0;32m  OK  [0m] Listening on D-Bus System Message Bus Socket.
[[0;32m  OK  [0m] Reached target Cloud-config availability.
[[0;32m  OK  [0m] Reached target Network is Online.
[[0;32m  OK  [0m] Reached target Remote File Systems (Pre).
         Starting Availability of block devices...
         Mounting /vagrant...
[[0;32m  OK  [0m] Listening on Docker Socket for the API.
[[0;32m  OK  [0m] Listening on LXD - unix socket.
[[0;32m  OK  [0m] Listening on Socket activation for snappy daemon.
[[0;32m  OK  [0m] Reached target Sockets.
[[0;32m  OK  [0m] Reached target Basic System.
[[0;32m  OK  [0m] Started D-Bus System Message Bus.
         Starting LSB: Record successful boot for GRUB...
         Starting Dispatcher daemon for systemd-networkd...
         Starting System Logging Service...
[[0;32m  OK  [0m] Started FUSE filesystem for LXC.
[[0;32m  OK  [0m] Started Deferred execution scheduler.
         Starting Accounts Service...
[[0;32m  OK  [0m] Started Regular background program processing daemon.
         Starting Virtualbox guest utils...
         Starting Login Service...
[[0;32m  OK  [0m] Started irqbalance daemon.
         Starting LXD - container startup/shutdown...
         Starting Snap Daemon...
         Starting OpenBSD Secure Shell server...
[[0;32m  OK  [0m] Reached target Login Prompts (Pre).
         Starting containerd container runtime...
[[0;32m  OK  [0m] Started System Logging Service.
[[0;32m  OK  [0m] Started Availability of block devices.
[[0;32m  OK  [0m] Mounted /vagrant.
[[0;32m  OK  [0m] Reached target Remote File Systems.
         Starting Permit User Sessions...
         Starting LSB: automatic crash report generation...
[[0;32m  OK  [0m] Started Permit User Sessions.
         Starting Terminate Plymouth Boot Screen...
         Starting Hold until boot process finishes up...
[[0;32m  OK  [0m] Started Hold until boot process finishes up.
         Starting Set console scheme...
[[0;32m  OK  [0m] Started Serial Getty on ttyS0.
[[0;32m  OK  [0m] Started Terminate Plymouth Boot Screen.
[[0;32m  OK  [0m] Started Login Service.
[[0;32m  OK  [0m] Started Unattended Upgrades Shutdown.
[[0;32m  OK  [0m] Started Set console scheme.
[[0;32m  OK  [0m] Created slice system-getty.slice.
[[0;32m  OK  [0m] Started Getty on tty1.
[[0;32m  OK  [0m] Reached target Login Prompts.
[[0;32m  OK  [0m] Started LSB: automatic crash report generation.
         Starting Authorization Manager...
[[0;32m  OK  [0m] Started Dispatcher daemon for systemd-networkd.
[[0;32m  OK  [0m] Started LSB: Record successful boot for GRUB.
[[0;32m  OK  [0m] Started Authorization Manager.
[[0;32m  OK  [0m] Started Accounts Service.
[[0;32m  OK  [0m] Started Virtualbox guest utils.
[[0;32m  OK  [0m] Started OpenBSD Secure Shell server.
[[0;32m  OK  [0m] Created slice User Slice of vagrant.
[[0;32m  OK  [0m] Started LXD - container startup/shutdown.

Ubuntu 18.04.6 LTS ecommerce-vm ttyS0

ecommerce-vm login: [   56.514637] cloud-init[1452]: Cloud-init v. 23.1.2-0ubuntu0~18.04.1 running 'modules:config' at Mon, 28 Jul 2025 20:55:35 +0000. Up 53.15 seconds.
[   91.493422] cloud-init[2089]: Cloud-init v. 23.1.2-0ubuntu0~18.04.1 running 'modules:final' at Mon, 28 Jul 2025 20:56:13 +0000. Up 91.19 seconds.
[   91.495640] cloud-init[2089]: Cloud-init v. 23.1.2-0ubuntu0~18.04.1 finished at Mon, 28 Jul 2025 20:56:13 +0000. Datasource DataSourceNoCloud [seed=/dev/sdb][dsmode=net].  Up 91.46 seconds
